// Vitest Snapshot v1, https://vitest.dev/guide/snapshot.html

exports[`issue > it works with arrays 1`] = `"{"format":"standard-v1","tree":["0xe99be40d6656077dcd99ed19ae19c33e507f7bda932f380b397f63b0b8a466e0","0x62c3f625ae12119b47eec67212372a718cc5389b5eb868fe521c7fc12ccca1fb","0x627c9798cf56aed4fdfc43d345859dc0a7202a87c4cf208ed068e482ec8333be"],"values":[{"value":["(string name, uint32 stargazers, (string name, uint32 stargazers, uint32 commits, uint32 totalCommits)[] contributedRepositories)","acme","0x00000000000000000000000000000000000000000000000000000000000000200000000000000000000000000000000000000000000000000000000000000060000000000000000000000000000000000000000000000000000000000000001100000000000000000000000000000000000000000000000000000000000000a0000000000000000000000000000000000000000000000000000000000000000461636d650000000000000000000000000000000000000000000000000000000000000000000000000000000000000000000000000000000000000000000000030000000000000000000000000000000000000000000000000000000000000060000000000000000000000000000000000000000000000000000000000000012000000000000000000000000000000000000000000000000000000000000001e000000000000000000000000000000000000000000000000000000000000000800000000000000000000000000000000000000000000000000000000000007a9b000000000000000000000000000000000000000000000000000000000000000300000000000000000000000000000000000000000000000000000000000091cc000000000000000000000000000000000000000000000000000000000000000661636d652f31000000000000000000000000000000000000000000000000000000000000000000000000000000000000000000000000000000000000000000800000000000000000000000000000000000000000000000000000000000000b4a000000000000000000000000000000000000000000000000000000000000000100000000000000000000000000000000000000000000000000000000000039ef000000000000000000000000000000000000000000000000000000000000000661636d652f3200000000000000000000000000000000000000000000000000000000000000000000000000000000000000000000000000000000000000000080000000000000000000000000000000000000000000000000000000000000155b00000000000000000000000000000000000000000000000000000000000000020000000000000000000000000000000000000000000000000000000000000311000000000000000000000000000000000000000000000000000000000000000661636d652f330000000000000000000000000000000000000000000000000000","0xa96c9a56dc36c770d8c7b3713c7ce8cd0689808548487fbe3512a64809e68cdc"],"treeIndex":2},{"value":["(string name, uint32 stargazers, (string name, uint32 stargazers, uint32 commits, uint32 totalCommits)[] contributedRepositories)","qux","0x00000000000000000000000000000000000000000000000000000000000000200000000000000000000000000000000000000000000000000000000000000060000000000000000000000000000000000000000000000000000000000000000e00000000000000000000000000000000000000000000000000000000000000a0000000000000000000000000000000000000000000000000000000000000000371757800000000000000000000000000000000000000000000000000000000000000000000000000000000000000000000000000000000000000000000000001000000000000000000000000000000000000000000000000000000000000002000000000000000000000000000000000000000000000000000000000000000800000000000000000000000000000000000000000000000000000000000000988000000000000000000000000000000000000000000000000000000000000000100000000000000000000000000000000000000000000000000000000000000ab00000000000000000000000000000000000000000000000000000000000000057175782f34000000000000000000000000000000000000000000000000000000","0xa96c9a56dc36c770d8c7b3713c7ce8cd0689808548487fbe3512a64809e68cdc"],"treeIndex":1}],"leafEncoding":["string","string","bytes","bytes32"]}"`;

exports[`issue > it works with records 1`] = `"{"format":"standard-v1","tree":["0x8245fd7a2f9e148cf9129530081a045d0ae782b1fc5bed1b2c54a6c578d5d204","0x7400482e2cf2b701f8565eff78faa81f1ccbad23a6b294b67ed84225fb3cecd7","0xdb6b4202ccfae046090d56df1a46a755fbcd90009c86d30b66f130a491e93437","0x866566ba4b3516f887b8aa266377ba1c1665d9f950a085bb9766824da40517aa","0x5e5cdfdb61a4089a65ad805eff07daf5b755aa647850825d29fbfca52a879131"],"values":[{"value":["(address walletAddress, uint8 reputation, (uint8 score, bool ok)[] nested)[] stats","stats","0x00000000000000000000000000000000000000000000000000000000000000200000000000000000000000000000000000000000000000000000000000000002000000000000000000000000000000000000000000000000000000000000004000000000000000000000000000000000000000000000000000000000000001400000000000000000000000002ca97ce4182617f300a5c2b927afbd557b0783fd0000000000000000000000000000000000000000000000000000000000000008000000000000000000000000000000000000000000000000000000000000006000000000000000000000000000000000000000000000000000000000000000020000000000000000000000000000000000000000000000000000000000000001000000000000000000000000000000000000000000000000000000000000000100000000000000000000000000000000000000000000000000000000000000030000000000000000000000000000000000000000000000000000000000000000000000000000000000000000669387271aa2589673be62956083792034bc6be4000000000000000000000000000000000000000000000000000000000000000c000000000000000000000000000000000000000000000000000000000000006000000000000000000000000000000000000000000000000000000000000000020000000000000000000000000000000000000000000000000000000000000002000000000000000000000000000000000000000000000000000000000000000000000000000000000000000000000000000000000000000000000000000000040000000000000000000000000000000000000000000000000000000000000001","0xa96c9a56dc36c770d8c7b3713c7ce8cd0689808548487fbe3512a64809e68cdc"],"treeIndex":2},{"value":["bytes32 ranking","ranking","0x2800000000000000000000000000000000000000000000000000000000000000","0xa96c9a56dc36c770d8c7b3713c7ce8cd0689808548487fbe3512a64809e68cdc"],"treeIndex":3},{"value":["bool[] isPrivate","isPrivate","0x0000000000000000000000000000000000000000000000000000000000000020000000000000000000000000000000000000000000000000000000000000000200000000000000000000000000000000000000000000000000000000000000010000000000000000000000000000000000000000000000000000000000000000","0xa96c9a56dc36c770d8c7b3713c7ce8cd0689808548487fbe3512a64809e68cdc"],"treeIndex":4}],"leafEncoding":["string","string","bytes","bytes32"]}"`;
